== mașini
ANT316 0 km 0 zile 0 curse fără urmă Wialon (error 7 / dezactivată) {} | clustere ≥8h: 
ANT344 3286 km 29 zile 2 curse  {"stație Chișinău (bază)":297,"Bază Briceni":18,"vamă":64,"la încărcare":40,"la descărcare":50,"în afara punctelor (Ucraina)":7,"în afara punctelor (Moldova)":102,"în afara punctelor (România)":9,"în afara punctelor (Bulgaria)":24} | clustere ≥8h: Ungheni 1× 102h (136 km de Briceni); Giurgiu (+4 km) 1× 12h (505 km de Briceni); Мартен 1× 11h (500 km de Briceni); Tecuci 1× 9h (279 km de Briceni)
ANT347 4155 km 29 zile 3 curse  {"vamă":18,"în afara punctelor (Moldova)":476,"Bază Briceni":2,"la încărcare":83,"în afara punctelor (România)":5} | clustere ≥8h: Bubuieci 6× 476h (206 km de Briceni)
BNQ076 0 km 0 zile 0 curse fără urmă Wialon (error 7 / dezactivată) {} | clustere ≥8h: 
BNQ088 0 km 0 zile 0 curse fără urmă Wialon (error 7 / dezactivată) {} | clustere ≥8h: 
DKE248 0 km 16 zile 0 curse stă toată luna (0 km) {"Bază Briceni":362} | clustere ≥8h: 
HMK135 4556 km 29 zile 3 curse  {"în afara punctelor (Moldova)":311,"vamă":19,"în afara punctelor (România)":12,"în afara punctelor (Bulgaria)":138,"la încărcare":71,"stație Chișinău (bază)":4,"în afara punctelor (Ucraina)":22} | clustere ≥8h: Răuțel 4× 240h (89 km de Briceni); Нови Искър 2× 135h (680 km de Briceni); Ungheni 1× 60h (136 km de Briceni); Zarvanți 1× 15h (137 km de Briceni)
HMK139 0 km 14 zile 0 curse stă toată luna (0 km) {"Bază Briceni":310,"Briceni (≤ 5 km de bază)":94} | clustere ≥8h: 
HMK145 0 km 0 zile 0 curse fără urmă Wialon (error 7 / dezactivată) {} | clustere ≥8h: 
IIC263 4758 km 29 zile 3 curse  {"Bază Bălți":12,"Bază Briceni":225,"la încărcare":68,"tranzit/acte":4,"vamă":58,"stație Chișinău (bază)":30,"în afara punctelor (România)":42,"în afara punctelor (Bulgaria)":48,"la descărcare":68,"în afara punctelor (Ucraina)":20} | clustere ≥8h: Remuș 1× 33h (499 km de Briceni); Нови Искър 1× 25h (680 km de Briceni); Giurgiu (+5 km) 1× 23h (504 km de Briceni); Zarvanți 1× 16h (137 km de Briceni)
KWX620 4742 km 29 zile 3 curse  {"în afara punctelor (Moldova)":440,"vamă":17,"la încărcare":65,"la descărcare":2,"stație Chișinău (bază)":38,"în afara punctelor (România)":5} | clustere ≥8h: Bubuieci 10× 440h (206 km de Briceni)
KYK742 2313 km 25 zile 2 curse  {"stație Chișinău (bază)":459,"la încărcare":35,"vamă":14,"fără semnal (incert)":130,"în afara punctelor (Moldova)":5} | clustere ≥8h: 
LJN076 4763 km 29 zile 4 curse  {"în afara punctelor (România)":36,"la încărcare":80,"vamă":59,"stație Chișinău (bază)":135,"în afara punctelor (Moldova)":54,"Bază Briceni":154,"în afara punctelor (Ucraina)":9,"în afara punctelor (Bulgaria)":29} | clustere ≥8h: Cupcini 3× 54h (34 km de Briceni); Нови Искър 1× 17h (680 km de Briceni); Giurgiu (+5 km) 1× 12h (505 km de Briceni); Albina 1× 12h (360 km de Briceni)
LJN080 2264 km 29 zile 2 curse  {"stație Chișinău (bază)":382,"la încărcare":78,"vamă":6,"la descărcare":2,"Bază Briceni":122,"în afara punctelor (Ucraina)":28} | clustere ≥8h: Zarvanți 1× 28h (137 km de Briceni)
LML973 0 km 29 zile 0 curse stă toată luna (0 km) {"stație Chișinău (bază)":696} | clustere ≥8h: 
MOW214 4515 km 29 zile 3 curse  {"în afara punctelor (România)":62,"la încărcare":64,"vamă":64,"la descărcare":3,"Bază Briceni":45,"tranzit/acte":4,"stație Chișinău (bază)":278,"în afara punctelor (Bulgaria)":42} | clustere ≥8h: Remuș 1× 31h (499 km de Briceni); Нови Искър 1× 21h (680 km de Briceni); Giurgiu (+5 km) 1× 12h (504 km de Briceni); Galați (+3 km) 1× 10h (332 km de Briceni)
MOW218 0 km 0 zile 0 curse fără urmă Wialon (error 7 / dezactivată) {} | clustere ≥8h: 
RWN169 9778 km 29 zile 3 curse  {"în afara punctelor (România)":145,"la încărcare":46,"vamă":18,"în afara punctelor (Moldova)":232,"în afara punctelor (Ucraina)":23} | clustere ≥8h: Edineț 5× 223h (24 km de Briceni); Stolniceni 4× 48h (426 km de Briceni); Brad 2× 20h (184 km de Briceni); Adjudu Vechi 2× 19h (247 km de Briceni)
RWN193 3964 km 29 zile 2 curse  {"în afara punctelor (Moldova)":142,"vamă":71,"în afara punctelor (România)":32,"în afara punctelor (Bulgaria)":161,"la încărcare":64,"stație Chișinău (bază)":29,"la descărcare":2,"Bază Briceni":93,"în afara punctelor (Ucraina)":9} | clustere ≥8h: Ungheni 2× 139h (136 km de Briceni); Нови Искър 2× 138h (680 km de Briceni); Giurgiu (+4 km) 1× 12h (505 km de Briceni); Remuș 1× 12h (499 km de Briceni)
== ore pe clase (flota activă) [["în afara punctelor (Moldova)",1762],["stație Chișinău (bază)",1651],["la încărcare",694],["Bază Briceni",659],["în afara punctelor (Bulgaria)",441],["vamă",408],["în afara punctelor (România)",348],["fără semnal (incert)",130],["la descărcare",128],["în afara punctelor (Ucraina)",118],["Bază Bălți",12],["tranzit/acte",7]]
== faze×clase
  1134 h la_descarcare | stație Chișinău (bază)
  724 h gol | în afara punctelor (Moldova)
  694 h la_incarcare | la încărcare
  459 h la_descarcare | Bază Briceni
  433 h plin | în afara punctelor (Moldova)
  374 h dupa_ultima | stație Chișinău (bază)
  362 h plin_bio | în afara punctelor (Bulgaria)
  335 h plin_bio | în afara punctelor (Moldova)
  308 h plin_bio | vamă
  204 h plin_fara_capat | în afara punctelor (Moldova)
  200 h plin_bio | Bază Briceni
  185 h gol | în afara punctelor (România)
  130 h la_descarcare | fără semnal (incert)
  120 h gol | stație Chișinău (bază)
  108 h plin_bio | în afara punctelor (România)
  99 h plin_bio | în afara punctelor (Ucraina)
  81 h la_descarcare | la descărcare
  66 h la_descarcare | în afara punctelor (Moldova)
  62 h plin | vamă
  57 h gol | în afara punctelor (Bulgaria)
  55 h plin | în afara punctelor (România)
  47 h plin_bio | la descărcare
  24 h gol | vamă
  23 h dupa_ultima | în afara punctelor (Bulgaria)
  23 h plin_bio | stație Chișinău (bază)
  19 h dupa_ultima | în afara punctelor (Ucraina)
  14 h plin_fara_capat | vamă
  12 h la_descarcare | Bază Bălți
  7 h plin_bio | tranzit/acte
== 03:00 {"stație Chișinău (bază)":70,"vamă":28,"la încărcare":32,"în afara punctelor (Moldova)":90,"Bază Briceni":32,"în mers / oprire < 2 h":12,"la descărcare":5,"în afara punctelor (Bulgaria)":20,"în afara punctelor (România)":24,"în afara punctelor (Ucraina)":4,"Bază Bălți":1,"fără semnal":1}
== goluri încheiate în sept.
ANT344 diesel Bază Briceni → Port Constanța — încărcare diesel 19 h 773.1 km, ideal 617 plus 156 | Vama Albița–Leușeni[vamă] 2.5h | bucăți 321.4/451.6
ANT344 diesel Bază Briceni → Bază Berdichev — încărcare biodiesel 11 h 344.2 km, ideal null plus null |  | bucăți 344.2
ANT347 diesel Bază Briceni → Port Constanța — încărcare diesel 22 h 843.2 km, ideal 617 plus 226 | Vama Albița–Leușeni[vamă] 2.5h | bucăți 345.9/497.4
ANT347 diesel Bază Chișinău — stație Bacioi → Port Constanța — încărcare diesel 13 h 561.7 km, ideal 423 plus 139 | Mitoc[în afara punctelor (România)] 2.1h | bucăți 170.4/391.3
ANT347 diesel TLX Petricani — descărcare diesel → Rafinăria Petromidia — Năvodari 94 h 595.1 km, ideal 416 plus 179 | Bubuieci[în afara punctelor (Moldova)] 77h; Tecuci[în afara punctelor (România)] 3h | bucăți 80.4/254.1/260.5
HMK135 biodiesel capăt provizoriu biodiesel → Port Constanța — încărcare diesel 30 h 600 km, ideal null plus null | Нови Искър[în afara punctelor (Bulgaria)] 2.3h; Нови Искър[în afara punctelor (Bulgaria)] 18.4h | bucăți 0/0.2/599.8
HMK135 diesel TLX Bălți — descărcare diesel → Port Constanța — încărcare diesel 234 h 805.2 km, ideal 520 plus 285 | Răuțel[în afara punctelor (Moldova)] 59h; Răuțel[în afara punctelor (Moldova)] 28.5h; Răuțel[în afara punctelor (Moldova)] 116.7h; Feteasca[în afara punctelor (Moldova)] 2h; Vama Albița–Leușeni[vamă] 2h; Vama Albița–Leușeni[vamă] 5.7h | bucăți 10.7/94.2/0.1/259.9/1.2/0.2/438.8
HMK135 diesel Bază Chișinău — stație Meșterul Manole → Bază Berdichev — încărcare biodiesel 46 h 503.9 km, ideal null plus null | Răuțel[în afara punctelor (Moldova)] 35.8h | bucăți 148.8/355.1
IIC263 diesel Bază Briceni → Bază Berdichev — încărcare biodiesel 8 h 328 km, ideal null plus null |  | bucăți 328
IIC263 biodiesel capăt provizoriu biodiesel → Port Constanța — încărcare diesel 44 h 567.5 km, ideal null plus null | Нови Искър[în afara punctelor (Bulgaria)] 25h; Agigea[în afara punctelor (România)] 9.2h | bucăți 0/561.5/6
IIC263 diesel Bază Briceni → Bază Berdichev — încărcare biodiesel 11 h 282.6 km, ideal null plus null |  | bucăți 282.6
KWX620 diesel capăt provizoriu diesel → Port Constanța — încărcare diesel 24 h 821.8 km, ideal null plus null | Vama Albița–Leușeni[vamă] 2.5h | bucăți 327.3/494.5
KWX620 diesel Bază Chișinău — stație Bacioi → Rafinăria Petromidia — Năvodari 12 h 577.5 km, ideal 400 plus 178 | Vama Albița–Leușeni[vamă] 2h | bucăți 106.8/470.7
KWX620 diesel TLX Orhei — descărcare diesel → Rafinăria Petromidia — Năvodari 210 h 1220 km, ideal 461 plus 759 | Bubuieci[în afara punctelor (Moldova)] 109.7h; Bază Chișinău — stație Meșterul Manole[stație Chișinău (bază)] 2.7h; Bază Chișinău — stație Meșterul Manole[stație Chișinău (bază)] 4.7h; Bubuieci[în afara punctelor (Moldova)] 8.4h; Bază Chișinău — stație Meșterul Manole[stație Chișinău (bază)] 2h; Bubuieci[în afara punctelor (Moldova)] 23.4h; Bază Chișinău — stație Meșterul Manole[stație Chișinău (bază)] 3h; Bubuieci[în afara punctelor (Moldova)] 18.6h; Mitoc[în afara punctelor (România)] 4.9h | bucăți 57.9/5.8/25.4/57.9/5.5/224.7/5.3/325.4/180.6/331
KYK742 diesel Bază Chișinău — stație Meșterul Manole → Rafinăria Petromidia — Năvodari 231 h 1003.5 km, ideal 413 plus 591 | Bază Chișinău — stație Meșterul Manole[stație Chișinău (bază)] 183.8h | bucăți 416.7/586.8
KYK742 diesel Bază Chișinău — stație Bacioi → Port Constanța — încărcare diesel 153 h 570.5 km, ideal 423 plus 148 | Băcioi (+3 km)[fără semnal (incert)] 130.3h; Bază Chișinău — stație Meșterul Manole[stație Chișinău (bază)] 2.1h; Sărăteni[în afara punctelor (Moldova)] 4.7h; Vama Albița–Leușeni[vamă] 3.6h | bucăți 0/26.2/124.5/9.1/410.4
LJN076 diesel Bază Chișinău — stație Meșterul Manole → Port Constanța — încărcare diesel 20 h 530 km, ideal 435 plus 95 | Ovidiu (+3 km)[în afara punctelor (România)] 9.2h | bucăți 511.4/18.5
LJN076 diesel Bază Briceni → Bază Berdichev — încărcare biodiesel 19 h 328.4 km, ideal null plus null | Cupcini[în afara punctelor (Moldova)] 10.8h | bucăți 39.7/288.8
LJN076 biodiesel capăt provizoriu biodiesel → Port Constanța — încărcare diesel 13 h 571.9 km, ideal null plus null |  | bucăți 571.9
LJN076 diesel Bază Chișinău — stație Meșterul Manole → Rafinăria Petromidia — Năvodari 16 h 589.2 km, ideal 413 plus 176 |  | bucăți 589.2
LJN080 diesel Bază Chișinău — stație Bacioi → Port Constanța — încărcare diesel 11 h 563.9 km, ideal 423 plus 141 |  | bucăți 563.9
LJN080 diesel Bază Briceni → Bază Berdichev — încărcare biodiesel 7 h 316.2 km, ideal null plus null |  | bucăți 316.2
MOW214 diesel Bază Chișinău — stație Meșterul Manole → Port Constanța — încărcare diesel 22 h 533.9 km, ideal 435 plus 99 | Oituz[în afara punctelor (România)] 7h | bucăți 501.7/32.2
MOW214 diesel Bază Briceni → Bază Berdichev — încărcare biodiesel 11 h 348.3 km, ideal null plus null |  | bucăți 348.3
MOW214 biodiesel capăt provizoriu biodiesel → Port Constanța — încărcare diesel 44 h 570.1 km, ideal null plus null | Нови Искър[în afara punctelor (Bulgaria)] 2h; Нови Искър[în afara punctelor (Bulgaria)] 21.4h; Agigea[în afara punctelor (România)] 9.1h | bucăți 0/0.7/562.9/6.4
RWN169 diesel TLX Peresecina — descărcare diesel → Port Constanța — încărcare diesel 21 h 565.2 km, ideal 460 plus 105 | Ovidiu (+3 km)[în afara punctelor (România)] 9.3h | bucăți 546.3/18.8
RWN169 diesel Bază Chișinău — stație Meșterul Manole → Port Constanța — încărcare diesel 480 h 7515.3 km, ideal 435 plus 7080 | Edineț[în afara punctelor (Moldova)] 82.6h; Stolniceni[în afara punctelor (România)] 12.6h; Stolniceni[în afara punctelor (România)] 17.1h; Râureni[în afara punctelor (România)] 4.8h; Adjudu Vechi[în afara punctelor (România)] 9.7h; Corlăteni[în afara punctelor (Moldova)] 2h; Edineț[în afara punctelor (Moldova)] 45.2h; Adjudu Vechi[în afara punctelor (România)] 9.1h; Stolniceni[în afara punctelor (România)] 7h; Stolniceni[în afara punctelor (România)] 9.2h; Edineț[în afara punctelor (Moldova)] 14.8h; Traian[în afara punctelor (România)] 2.7h; Lămotești[în afara punctelor (România)] 9.4h; Stolniceni[în afara punctelor (România)] 9.1h; Brad[în afara punctelor (România)] 11.2h; Edineț[în afara punctelor (Moldova)] 44.1h; Poiana lui Stângă[în afara punctelor (România)] 9h; Brad[în afara punctelor (România)] 9.3h; Sărăteni[în afara punctelor (Moldova)] 4.7h; Vama Albița–Leușeni[vamă] 3.4h | bucăți 214.2/813.5/5.4/8.1/426.5/336/91.9/324.9/429.6/4.9/757.9/323.2/171.1/365.3/511.2/253.9/785.8/645.2/622.6/8.8/414.6
RWN169 diesel Bază Chișinău — stație Meșterul Manole → Bază Berdichev — încărcare biodiesel 46 h 512.6 km, ideal null plus null | Edineț[în afara punctelor (Moldova)] 35.9h | bucăți 205.2/307.3
RWN193 biodiesel capăt provizoriu biodiesel → Port Constanța — încărcare diesel 159 h 601.2 km, ideal null plus null | Нови Искър[în afara punctelor (Bulgaria)] 120.7h; Нови Искър[în afara punctelor (Bulgaria)] 17.1h; Siminoc[în afara punctelor (România)] 10.9h | bucăți 0/0.2/574.9/25.9
RWN193 diesel Bază Briceni → Bază Berdichev — încărcare biodiesel 8 h 314 km, ideal null plus null |  | bucăți 314
