active 11 ANT344,ANT347,HMK135,IIC263,KWX620,KYK742,LJN076,LJN080,MOW214,RWN169,RWN193 km sept 49094
goluri sept 30 judecabile 27 cu ideal 12 km 7508 ideal 5582 plus 1927
goluri fără ideal (Berdichev / din capăt biodiesel) ANT344 Bază Berdichev 344.2; HMK135 Port Constanța 600; HMK135 Bază Berdichev 503.9; IIC263 Bază Berdichev 328; IIC263 Port Constanța 567.5; IIC263 Bază Berdichev 282.6; KWX620 Port Constanța 821.8; LJN076 Bază Berdichev 328.4; LJN076 Port Constanța 571.9; LJN080 Bază Berdichev 316.2; MOW214 Bază Berdichev 348.3; MOW214 Port Constanța 570.1; RWN169 Bază Berdichev 512.6; RWN193 Port Constanța 601.2; RWN193 Bază Berdichev 314
picioare cu parcare ≥8h (fără RWN169 4-24.09): 24 | sub 24h: 15 ocol 130 km | ≥24h (acasă / așteaptă comanda): 9 ocol 201 km
  zi ANT347 plin Bubuieci -60.2
  zi HMK135 gol Нови Искър -0.2
  zi IIC263 gol Agigea 6.6
  zi KWX620 gol Bubuieci 12.7
  zi KWX620 gol Bubuieci 12.8
  zi KWX620 gol Bubuieci 6.9
  zi LJN076 gol Ovidiu 0
  zi LJN076 gol Cupcini 38.4
  zi LJN076 plin Galați 0.1
  zi LJN076 plin Albina 45.7
  zi MOW214 gol Нови Искър,Agigea 6.6
  zi MOW214 plin Galați 0
  zi RWN169 gol Ovidiu 0
  zi RWN169 plin Galați 0
  zi RWN193 gol Нови Искър,Siminoc 0
ore 03:00 total 319 {"stație Chișinău (bază)":70,"vamă":28,"la încărcare":32,"în afara punctelor (Moldova)":90,"Bază Briceni":32,"în mers / oprire < 2 h":12,"la descărcare":5,"în afara punctelor (Bulgaria)":20,"în afara punctelor (România)":24,"în afara punctelor (Ucraina)":4,"Bază Bălți":1,"fără semnal":1}
